[Licensing::Module] Trying to connect to existing licensing client channel...
[Licensing::IpcConnector] Successfully connected to: "LicenseClient-Lenovo" at "2026-07-05T07:30:29.6332644Z"
[Licensing::Client] Code 10 while verifying Licensing Client signature (process Id: 27768, path: "E:/2022.3.62f3c1/Editor/Data/Resources/Licensing/Client/Unity.Licensing.Client.exe")
[Licensing::Module] LicensingClient has failed validation; ignoring
[Licensing::Client] Handshaking with LicensingClient:
  Version:                 1.16.2+bdef8f5
  Session Id:              f66d8db0d3bc488a9004c39bc96b2e65
  Correlation Id:          f76caeceeff8265648313a1523702f3f
  External correlation Id: 2224882821719774243
  Machine Id:              /Q9Sr0mW4IOv25KO8R+6WfPNXA0=
[Licensing::Module] Successfully connected to LicensingClient on channel: "LicenseClient-Lenovo" (connect: 0.00s, validation: 0.01s, handshake: 0.04s)
[Licensing::IpcConnector] Successfully connected to: "LicenseClient-Lenovo-notifications" at "2026-07-05T07:30:29.6878386Z"
[Licensing::Module] Error: Access token is unavailable; failed to update
[Licensing::Client] Successfully updated license
Built from '2022.3/china_unity/release' branch; Version is '2022.3.62f3c1 (1623fc0bbb97) revision 1451004'; Using compiler version '192829333'; Build Type 'Release'
OS: 'Windows 11  (10.0.26200) 64bit CoreCountrySpecific' Language: 'zh' Physical Memory: 32492 MB
[Licensing::Client] Successfully resolved entitlement details
[Licensing::Module] Serial number assigned to: "F4-RAGR-2QUG-NV8F-HS6R-XXXX"
BatchMode: 1, IsHumanControllingUs: 0, StartBugReporterOnCrash: 0, Is64bit: 1, IsPro: 0
[Licensing::Client] Successfully resolved entitlement details

COMMAND LINE ARGUMENTS:
E:\2022.3.62f3c1\Editor\Unity.exe
-batchmode
-quit
-projectPath
E:\AI\project\SimulatedShooting
-executeMethod
SimulatedShooting.Editor.ZeroingRangeSceneBuilder.Build
-logFile
E:\AI\project\SimulatedShooting\unity-task016-crate-build.log
Successfully changed project path to: E:\AI\project\SimulatedShooting
E:/AI/project/SimulatedShooting
[UnityMemory] Configuration Parameters - Can be set up in boot.config
    "memorysetup-bucket-allocator-granularity=16"
    "memorysetup-bucket-allocator-bucket-count=8"
    "memorysetup-bucket-allocator-block-size=33554432"
    "memorysetup-bucket-allocator-block-count=8"
    "memorysetup-main-allocator-block-size=16777216"
    "memorysetup-thread-allocator-block-size=16777216"
    "memorysetup-gfx-main-allocator-block-size=16777216"
    "memorysetup-gfx-thread-allocator-block-size=16777216"
    "memorysetup-cache-allocator-block-size=4194304"
    "memorysetup-typetree-allocator-block-size=2097152"
    "memorysetup-profiler-bucket-allocator-granularity=16"
    "memorysetup-profiler-bucket-allocator-bucket-count=8"
    "memorysetup-profiler-bucket-allocator-block-size=33554432"
    "memorysetup-profiler-bucket-allocator-block-count=8"
    "memorysetup-profiler-allocator-block-size=16777216"
    "memorysetup-profiler-editor-allocator-block-size=1048576"
    "memorysetup-temp-allocator-size-main=16777216"
    "memorysetup-job-temp-allocator-block-size=2097152"
    "memorysetup-job-temp-allocator-block-size-background=1048576"
    "memorysetup-job-temp-allocator-reduction-small-platforms=262144"
    "memorysetup-allocator-temp-initial-block-size-main=262144"
    "memorysetup-allocator-temp-initial-block-size-worker=262144"
    "memorysetup-temp-allocator-size-background-worker=32768"
    "memorysetup-temp-allocator-size-job-worker=262144"
    "memorysetup-temp-allocator-size-preload-manager=33554432"
    "memorysetup-temp-allocator-size-nav-mesh-worker=65536"
    "memorysetup-temp-allocator-size-audio-worker=65536"
    "memorysetup-temp-allocator-size-cloud-worker=32768"
    "memorysetup-temp-allocator-size-gi-baking-worker=262144"
    "memorysetup-temp-allocator-size-gfx=262144"
Player connection [29076]  Target information:

Player connection [29076]  * "[IP] 192.168.117.1 [Port] 55504 [Flags] 2 [Guid] 2528704308 [EditorId] 2528704308 [Version] 1048832 [Id] WindowsEditor(7,Yangmird) [Debug] 1 [PackageName] WindowsEditor [ProjectName] Editor" 

Player connection [29076]  * "[IP] 192.168.232.1 [Port] 55504 [Flags] 2 [Guid] 2528704308 [EditorId] 2528704308 [Version] 1048832 [Id] WindowsEditor(7,Yangmird) [Debug] 1 [PackageName] WindowsEditor [ProjectName] Editor" 

Player connection [29076]  * "[IP] 192.168.3.13 [Port] 55504 [Flags] 2 [Guid] 2528704308 [EditorId] 2528704308 [Version] 1048832 [Id] WindowsEditor(7,Yangmird) [Debug] 1 [PackageName] WindowsEditor [ProjectName] Editor" 

Player connection [29076] Host joined multi-casting on [225.0.0.222:54997]...
Player connection [29076] Host joined alternative multi-casting on [225.0.0.222:34997]...
Input System module state changed to: Initialized.
[PhysX] Initialized MultithreadedTaskDispatcher with 20 workers.
[Package Manager] UpmClient::Connect -- Connected to IPC stream "Upm-23460" after 0.3 seconds.
[Package Manager] Restoring resolved packages state from cache
[Licensing::Client] Successfully resolved entitlement details
[Package Manager] Registered 63 packages:
  Packages from [https://packages.unity.cn]:
    com.unity.collab-proxy@2.12.4 (location: E:\AI\project\SimulatedShooting\Library\PackageCache\com.unity.collab-proxy@2.12.4)
    com.unity.inputsystem@1.14.0 (location: E:\AI\project\SimulatedShooting\Library\PackageCache\com.unity.inputsystem@1.14.0)
    com.unity.learn.iet-framework@4.0.4 (location: E:\AI\project\SimulatedShooting\Library\PackageCache\com.unity.learn.iet-framework@4.0.4)
    com.unity.textmeshpro@3.0.9 (location: E:\AI\project\SimulatedShooting\Library\PackageCache\com.unity.textmeshpro@3.0.9)
    com.unity.timeline@1.7.7 (location: E:\AI\project\SimulatedShooting\Library\PackageCache\com.unity.timeline@1.7.7)
    com.unity.visualscripting@1.9.4 (location: E:\AI\project\SimulatedShooting\Library\PackageCache\com.unity.visualscripting@1.9.4)
    com.unity.xr.interaction.toolkit@3.1.2 (location: E:\AI\project\SimulatedShooting\Library\PackageCache\com.unity.xr.interaction.toolkit@3.1.2)
    com.unity.xr.management@4.5.1 (location: E:\AI\project\SimulatedShooting\Library\PackageCache\com.unity.xr.management@4.5.1)
    com.unity.xr.openxr@1.14.3 (location: E:\AI\project\SimulatedShooting\Library\PackageCache\com.unity.xr.openxr@1.14.3)
    com.unity.xr.core-utils@2.5.2 (location: E:\AI\project\SimulatedShooting\Library\PackageCache\com.unity.xr.core-utils@2.5.2)
    com.unity.xr.legacyinputhelpers@2.1.12 (location: E:\AI\project\SimulatedShooting\Library\PackageCache\com.unity.xr.legacyinputhelpers@2.1.12)
    com.unity.mathematics@1.2.6 (location: E:\AI\project\SimulatedShooting\Library\PackageCache\com.unity.mathematics@1.2.6)
    com.unity.burst@1.8.21 (location: E:\AI\project\SimulatedShooting\Library\PackageCache\com.unity.burst@1.8.21)
    com.unity.editorcoroutines@1.0.0 (location: E:\AI\project\SimulatedShooting\Library\PackageCache\com.unity.editorcoroutines@1.0.0)
    com.unity.settings-manager@2.1.0 (location: E:\AI\project\SimulatedShooting\Library\PackageCache\com.unity.settings-manager@2.1.0)
    com.unity.xr.oculus@4.5.1 (location: E:\AI\project\SimulatedShooting\Library\PackageCache\com.unity.xr.oculus@4.5.1)
    com.unity.ide.visualstudio@2.0.22 (location: E:\AI\project\SimulatedShooting\Library\PackageCache\com.unity.ide.visualstudio@2.0.22)
    com.unity.ide.rider@3.0.36 (location: E:\AI\project\SimulatedShooting\Library\PackageCache\com.unity.ide.rider@3.0.36)
    com.unity.ide.vscode@1.2.5 (location: E:\AI\project\SimulatedShooting\Library\PackageCache\com.unity.ide.vscode@1.2.5)
    com.unity.performance.profile-analyzer@1.2.3 (location: E:\AI\project\SimulatedShooting\Library\PackageCache\com.unity.performance.profile-analyzer@1.2.3)
    com.unity.test-framework@1.1.33 (location: E:\AI\project\SimulatedShooting\Library\PackageCache\com.unity.test-framework@1.1.33)
    com.unity.testtools.codecoverage@1.2.6 (location: E:\AI\project\SimulatedShooting\Library\PackageCache\com.unity.testtools.codecoverage@1.2.6)
    com.unity.searcher@4.9.2 (location: E:\AI\project\SimulatedShooting\Library\PackageCache\com.unity.searcher@4.9.2)
    com.unity.ext.nunit@1.0.6 (location: E:\AI\project\SimulatedShooting\Library\PackageCache\com.unity.ext.nunit@1.0.6)
  Built-in packages:
    com.unity.feature.development@1.0.1 (location: E:\AI\project\SimulatedShooting\Library\PackageCache\com.unity.feature.development@1.0.1)
    com.unity.feature.vr@1.0.0 (location: E:\AI\project\SimulatedShooting\Library\PackageCache\com.unity.feature.vr@1.0.0)
    com.unity.render-pipelines.universal@14.0.12 (location: E:\AI\project\SimulatedShooting\Library\PackageCache\com.unity.render-pipelines.universal@14.0.12)
    com.unity.modules.ai@1.0.0 (location: E:\AI\project\SimulatedShooting\Library\PackageCache\com.unity.modules.ai@1.0.0)
    com.unity.modules.androidjni@1.0.0 (location: E:\AI\project\SimulatedShooting\Library\PackageCache\com.unity.modules.androidjni@1.0.0)
    com.unity.modules.animation@1.0.0 (location: E:\AI\project\SimulatedShooting\Library\PackageCache\com.unity.modules.animation@1.0.0)
    com.unity.modules.assetbundle@1.0.0 (location: E:\AI\project\SimulatedShooting\Library\PackageCache\com.unity.modules.assetbundle@1.0.0)
    com.unity.modules.audio@1.0.0 (location: E:\AI\project\SimulatedShooting\Library\PackageCache\com.unity.modules.audio@1.0.0)
    com.unity.modules.cloth@1.0.0 (location: E:\AI\project\SimulatedShooting\Library\PackageCache\com.unity.modules.cloth@1.0.0)
    com.unity.modules.director@1.0.0 (location: E:\AI\project\SimulatedShooting\Library\PackageCache\com.unity.modules.director@1.0.0)
    com.unity.modules.imageconversion@1.0.0 (location: E:\AI\project\SimulatedShooting\Library\PackageCache\com.unity.modules.imageconversion@1.0.0)
    com.unity.modules.imgui@1.0.0 (location: E:\AI\project\SimulatedShooting\Library\PackageCache\com.unity.modules.imgui@1.0.0)
    com.unity.modules.jsonserialize@1.0.0 (location: E:\AI\project\SimulatedShooting\Library\PackageCache\com.unity.modules.jsonserialize@1.0.0)
    com.unity.modules.particlesystem@1.0.0 (location: E:\AI\project\SimulatedShooting\Library\PackageCache\com.unity.modules.particlesystem@1.0.0)
    com.unity.modules.physics@1.0.0 (location: E:\AI\project\SimulatedShooting\Library\PackageCache\com.unity.modules.physics@1.0.0)
    com.unity.modules.physics2d@1.0.0 (location: E:\AI\project\SimulatedShooting\Library\PackageCache\com.unity.modules.physics2d@1.0.0)
    com.unity.modules.screencapture@1.0.0 (location: E:\AI\project\SimulatedShooting\Library\PackageCache\com.unity.modules.screencapture@1.0.0)
    com.unity.modules.terrain@1.0.0 (location: E:\AI\project\SimulatedShooting\Library\PackageCache\com.unity.modules.terrain@1.0.0)
    com.unity.modules.terrainphysics@1.0.0 (location: E:\AI\project\SimulatedShooting\Library\PackageCache\com.unity.modules.terrainphysics@1.0.0)
    com.unity.modules.tilemap@1.0.0 (location: E:\AI\project\SimulatedShooting\Library\PackageCache\com.unity.modules.tilemap@1.0.0)
    com.unity.modules.ui@1.0.0 (location: E:\AI\project\SimulatedShooting\Library\PackageCache\com.unity.modules.ui@1.0.0)
    com.unity.modules.uielements@1.0.0 (location: E:\AI\project\SimulatedShooting\Library\PackageCache\com.unity.modules.uielements@1.0.0)
    com.unity.modules.umbra@1.0.0 (location: E:\AI\project\SimulatedShooting\Library\PackageCache\com.unity.modules.umbra@1.0.0)
    com.unity.modules.unityanalytics@1.0.0 (location: E:\AI\project\SimulatedShooting\Library\PackageCache\com.unity.modules.unityanalytics@1.0.0)
    com.unity.modules.unitywebrequest@1.0.0 (location: E:\AI\project\SimulatedShooting\Library\PackageCache\com.unity.modules.unitywebrequest@1.0.0)
    com.unity.modules.unitywebrequestassetbundle@1.0.0 (location: E:\AI\project\SimulatedShooting\Library\PackageCache\com.unity.modules.unitywebrequestassetbundle@1.0.0)
    com.unity.modules.unitywebrequestaudio@1.0.0 (location: E:\AI\project\SimulatedShooting\Library\PackageCache\com.unity.modules.unitywebrequestaudio@1.0.0)
    com.unity.modules.unitywebrequesttexture@1.0.0 (location: E:\AI\project\SimulatedShooting\Library\PackageCache\com.unity.modules.unitywebrequesttexture@1.0.0)
    com.unity.modules.unitywebrequestwww@1.0.0 (location: E:\AI\project\SimulatedShooting\Library\PackageCache\com.unity.modules.unitywebrequestwww@1.0.0)
    com.unity.modules.vehicles@1.0.0 (location: E:\AI\project\SimulatedShooting\Library\PackageCache\com.unity.modules.vehicles@1.0.0)
    com.unity.modules.video@1.0.0 (location: E:\AI\project\SimulatedShooting\Library\PackageCache\com.unity.modules.video@1.0.0)
    com.unity.modules.vr@1.0.0 (location: E:\AI\project\SimulatedShooting\Library\PackageCache\com.unity.modules.vr@1.0.0)
    com.unity.modules.wind@1.0.0 (location: E:\AI\project\SimulatedShooting\Library\PackageCache\com.unity.modules.wind@1.0.0)
    com.unity.modules.xr@1.0.0 (location: E:\AI\project\SimulatedShooting\Library\PackageCache\com.unity.modules.xr@1.0.0)
    com.unity.modules.subsystems@1.0.0 (location: E:\AI\project\SimulatedShooting\Library\PackageCache\com.unity.modules.subsystems@1.0.0)
    com.unity.ugui@1.0.0 (location: E:\AI\project\SimulatedShooting\Library\PackageCache\com.unity.ugui@1.0.0)
    com.unity.render-pipelines.core@14.0.12 (location: E:\AI\project\SimulatedShooting\Library\PackageCache\com.unity.render-pipelines.core@14.0.12)
    com.unity.shadergraph@14.0.12 (location: E:\AI\project\SimulatedShooting\Library\PackageCache\com.unity.shadergraph@14.0.12)
    com.unity.render-pipelines.universal-config@14.0.10 (location: E:\AI\project\SimulatedShooting\Library\PackageCache\com.unity.render-pipelines.universal-config@14.0.10)
[Subsystems] Looking for new subsystems at path E:\AI\project\SimulatedShooting\Library\PackageCache\com.unity.xr.openxr@1.14.3
[Subsystems] Novel subsystem found at Library/PackageCache/com.unity.xr.openxr@1.14.3/Runtime/UnitySubsystemsManifest.json
[Subsystems] Discovering subsystems at path E:/2022.3.62f3c1/Editor/Data/Resources/UnitySubsystems
[Subsystems] Discovering subsystems at path E:/AI/project/SimulatedShooting/Assets
[Subsystems] Discovering subsystems at path E:\AI\project\SimulatedShooting\Library\PackageCache\com.unity.xr.openxr@1.14.3
[Subsystems] No descriptors matched for  examples in Library/PackageCache/com.unity.xr.openxr@1.14.3/Runtime/UnitySubsystemsManifest.json.
[Subsystems] 1 'inputs' descriptors matched in Library/PackageCache/com.unity.xr.openxr@1.14.3/Runtime/UnitySubsystemsManifest.json
[Subsystems] 1 'displays' descriptors matched in Library/PackageCache/com.unity.xr.openxr@1.14.3/Runtime/UnitySubsystemsManifest.json
[Subsystems] No descriptors matched for  meshings in Library/PackageCache/com.unity.xr.openxr@1.14.3/Runtime/UnitySubsystemsManifest.json.
[Subsystems] Discovering subsystems at path E:\AI\project\SimulatedShooting\Library\PackageCache\com.unity.xr.oculus@4.5.1
[Subsystems] No descriptors matched for  examples in Library/PackageCache/com.unity.xr.oculus@4.5.1/Runtime/UnitySubsystemsManifest.json.
[Subsystems] 1 'inputs' descriptors matched in Library/PackageCache/com.unity.xr.oculus@4.5.1/Runtime/UnitySubsystemsManifest.json
[Subsystems] 1 'displays' descriptors matched in Library/PackageCache/com.unity.xr.oculus@4.5.1/Runtime/UnitySubsystemsManifest.json
[Subsystems] No descriptors matched for  meshings in Library/PackageCache/com.unity.xr.oculus@4.5.1/Runtime/UnitySubsystemsManifest.json.
Package Manager log level set to [2]
[Package Manager] Done registering packages in 0.43 seconds
Refreshing native plugins compatible for Editor in 17.21 ms, found 13 plugins.
Preloading 1 native plugins for Editor in 0.65 ms.
Initialize engine version: 2022.3.62f3c1 (1623fc0bbb97)
[Subsystems] Discovering subsystems at path E:/2022.3.62f3c1/Editor/Data/Resources/UnitySubsystems
[Subsystems] Discovering subsystems at path E:/AI/project/SimulatedShooting/Assets
[Subsystems] Discovering subsystems at path E:\AI\project\SimulatedShooting\Library\PackageCache\com.unity.xr.openxr@1.14.3
[Subsystems] No descriptors matched for  examples in Library/PackageCache/com.unity.xr.openxr@1.14.3/Runtime/UnitySubsystemsManifest.json.
[Subsystems] 1 'inputs' descriptors matched in Library/PackageCache/com.unity.xr.openxr@1.14.3/Runtime/UnitySubsystemsManifest.json
[Subsystems] 1 'displays' descriptors matched in Library/PackageCache/com.unity.xr.openxr@1.14.3/Runtime/UnitySubsystemsManifest.json
[Subsystems] No descriptors matched for  meshings in Library/PackageCache/com.unity.xr.openxr@1.14.3/Runtime/UnitySubsystemsManifest.json.
[Subsystems] Discovering subsystems at path E:\AI\project\SimulatedShooting\Library\PackageCache\com.unity.xr.oculus@4.5.1
[Subsystems] No descriptors matched for  examples in Library/PackageCache/com.unity.xr.oculus@4.5.1/Runtime/UnitySubsystemsManifest.json.
[Subsystems] 1 'inputs' descriptors matched in Library/PackageCache/com.unity.xr.oculus@4.5.1/Runtime/UnitySubsystemsManifest.json
[Subsystems] 1 'displays' descriptors matched in Library/PackageCache/com.unity.xr.oculus@4.5.1/Runtime/UnitySubsystemsManifest.json
[Subsystems] No descriptors matched for  meshings in Library/PackageCache/com.unity.xr.oculus@4.5.1/Runtime/UnitySubsystemsManifest.json.
GfxDevice: creating device client; threaded=0; jobified=0
Direct3D:
    Version:  Direct3D 11.0 [level 11.1]
    Renderer: NVIDIA GeForce RTX 3060 Laptop GPU (ID=0x2560)
    Vendor:   NVIDIA
    VRAM:     6010 MB
    Driver:   31.0.15.4630
[Licensing::Client] Successfully resolved entitlement details
Initialize mono
Mono path[0] = 'E:/2022.3.62f3c1/Editor/Data/Managed'
Mono path[1] = 'E:/2022.3.62f3c1/Editor/Data/MonoBleedingEdge/lib/mono/unityjit-win32'
Mono config path = 'E:/2022.3.62f3c1/Editor/Data/MonoBleedingEdge/etc'
Using monoOptions --debugger-agent=transport=dt_socket,embedding=1,server=y,suspend=n,address=127.0.0.1:56460
Using cacheserver namespaces - metadata:defaultmetadata, artifacts:defaultartifacts
Using cacheserver namespaces - metadata:defaultmetadata, artifacts:defaultartifacts
ImportWorker Server TCP listen port: 0
Begin MonoManager ReloadAssembly
Registering precompiled unity dll's ...
Register platform support module: E:/2022.3.62f3c1/Editor/Data/PlaybackEngines/WindowsStandaloneSupport/UnityEditor.WindowsStandalone.Extensions.dll
Registered in 0.002514 seconds.
- Loaded All Assemblies, in  0.267 seconds
Native extension for WindowsStandalone target not found
Mono: successfully reloaded assembly
- Finished resetting the current domain, in  0.209 seconds
Domain Reload Profiling: 476ms
	BeginReloadAssembly (93ms)
		ExecutionOrderSort (0ms)
		DisableScriptedObjects (0ms)
		BackupInstance (0ms)
		ReleaseScriptingObjects (0ms)
		CreateAndSetChildDomain (1ms)
	RebuildCommonClasses (26ms)
	RebuildNativeTypeToScriptingClass (7ms)
	initialDomainReloadingComplete (40ms)
	LoadAllAssembliesAndSetupDomain (100ms)
		LoadAssemblies (93ms)
		RebuildTransferFunctionScriptingTraits (0ms)
		AnalyzeDomain (98ms)
			TypeCache.Refresh (97ms)
				TypeCache.ScanAssembly (88ms)
			ScanForSourceGeneratedMonoScriptInfo (0ms)
			ResolveRequiredComponents (0ms)
	FinalizeReload (209ms)
		ReleaseScriptCaches (0ms)
		RebuildScriptCaches (0ms)
		SetupLoadedEditorAssemblies (175ms)
			LogAssemblyErrors (0ms)
			InitializePlatformSupportModulesInManaged (6ms)
			SetLoadedEditorAssemblies (6ms)
			RefreshPlugins (0ms)
			BeforeProcessingInitializeOnLoad (1ms)
			ProcessInitializeOnLoadAttributes (119ms)
			ProcessInitializeOnLoadMethodAttributes (43ms)
			AfterProcessingInitializeOnLoad (0ms)
			EditorAssembliesLoaded (0ms)
		ExecutionOrderSort2 (0ms)
		AwakeInstancesAfterBackupRestoration (0ms)
[Licensing::Client] Successfully resolved entitlement details
Application.AssetDatabase Initial Refresh Start
info: Microsoft.Hosting.Lifetime[14]
      Now listening on: http://localhost:80
info: Microsoft.Hosting.Lifetime[0]
      Application started. Press Ctrl+C to shut down.
info: Microsoft.Hosting.Lifetime[0]
      Hosting environment: Production
info: Microsoft.Hosting.Lifetime[0]
      Content root path: E:\AI\project\SimulatedShooting\
info: Microsoft.AspNetCore.Hosting.Diagnostics[1]
      Request starting HTTP/2 POST http://ilpp/UnityILPP.PostProcessing/Ping application/grpc -
info: Microsoft.AspNetCore.Routing.EndpointMiddleware[0]
      Executing endpoint 'gRPC - /UnityILPP.PostProcessing/Ping'
info: Microsoft.AspNetCore.Routing.EndpointMiddleware[1]
      Executed endpoint 'gRPC - /UnityILPP.PostProcessing/Ping'
info: Microsoft.AspNetCore.Hosting.Diagnostics[2]
      Request finished HTTP/2 POST http://ilpp/UnityILPP.PostProcessing/Ping application/grpc - - 200 - application/grpc 29.7985ms
Starting: E:\2022.3.62f3c1\Editor\Data\bee_backend.exe --ipc --defer-dag-verification --dagfile="Library/Bee/1900b0aE.dag" --continue-on-failure --profile="Library/Bee/backend1.traceevents" ScriptAssemblies
WorkingDir: E:/AI/project/SimulatedShooting
DisplayProgressbar: Compiling Scripts
info: Microsoft.AspNetCore.Hosting.Diagnostics[1]
      Request starting HTTP/2 POST http://ilpp/UnityILPP.PostProcessing/ConfigurePostProcessors application/grpc -
info: Microsoft.AspNetCore.Routing.EndpointMiddleware[0]
      Executing endpoint 'gRPC - /UnityILPP.PostProcessing/ConfigurePostProcessors'
warn: Unity.ILPP.Runner.PostProcessingAssemblyLoadContext[0]
      Assembly system.runtime.interopservices.windowsruntime has duplicate hint path. Ignoring "E:\2022.3.62f3c1\Editor\Data\UnityReferenceAssemblies\unity-4.8-api\Facades\System.Runtime.InteropServices.WindowsRuntime.dll" in favor of "E:\2022.3.62f3c1\Editor\Data\NetStandard\Extensions\2.0.0\System.Runtime.InteropServices.WindowsRuntime.dll"
warn: Unity.ILPP.Runner.PostProcessingAssemblyLoadContext[0]
      Assembly system.componentmodel.composition has duplicate hint path. Ignoring "E:\2022.3.62f3c1\Editor\Data\UnityReferenceAssemblies\unity-4.8-api\System.ComponentModel.Composition.dll" in favor of "E:\2022.3.62f3c1\Editor\Data\NetStandard\compat\2.1.0\shims\netfx\System.ComponentModel.Composition.dll"
info: Unity.ILPP.Runner.PostProcessingAssemblyLoadContext[0]
      Resolved Unity.Burst.Cecil, Version=0.11.4.0, Culture=neutral, PublicKeyToken=50cebf1cceb9d05e with Library\PackageCache\com.unity.burst@1.8.21\Unity.Burst.CodeGen\Unity.Burst.Cecil.dll
info: Microsoft.AspNetCore.Routing.EndpointMiddleware[1]
      Executed endpoint 'gRPC - /UnityILPP.PostProcessing/ConfigurePostProcessors'
info: Microsoft.AspNetCore.Hosting.Diagnostics[2]
      Request finished HTTP/2 POST http://ilpp/UnityILPP.PostProcessing/ConfigurePostProcessors application/grpc - - 200 - application/grpc 38.1772ms
ExitCode: 0 Duration: 0s243ms
[ 782/1023  0s] ILPP-Configuration Library/ilpp-configuration.nevergeneratedoutput
*** Tundra build success (0.20 seconds), 1 items updated, 1023 evaluated
AssetDatabase: script compilation time: 0.659779s
Begin MonoManager ReloadAssembly
Total cache size 100819228
Total cache size after purge 100819228
- Loaded All Assemblies, in  0.562 seconds
Refreshing native plugins compatible for Editor in 9.59 ms, found 13 plugins.
Preloading 1 native plugins for Editor in 0.05 ms.
Refreshing native plugins compatible for Editor in 10.68 ms, found 13 plugins.
Native extension for WindowsStandalone target not found
[XR] OculusXRPlugin: registering subsystems
[Subsystems] OculusXRPlugin successfully registered Provider for oculus display
[XR] Oculus Input lifecycle provider registered.
[Subsystems] OculusXRPlugin successfully registered Provider for oculus input
[Subsystems] OculusXRPlugin successfully registered Provider for oculus display
[XR] OVRP version 1.92.0
Mono: successfully reloaded assembly
- Finished resetting the current domain, in  2.424 seconds
Domain Reload Profiling: 2986ms
	BeginReloadAssembly (111ms)
		ExecutionOrderSort (0ms)
		DisableScriptedObjects (3ms)
		BackupInstance (0ms)
		ReleaseScriptingObjects (0ms)
		CreateAndSetChildDomain (19ms)
	RebuildCommonClasses (26ms)
	RebuildNativeTypeToScriptingClass (7ms)
	initialDomainReloadingComplete (20ms)
	LoadAllAssembliesAndSetupDomain (396ms)
		LoadAssemblies (256ms)
		RebuildTransferFunctionScriptingTraits (0ms)
		AnalyzeDomain (208ms)
			TypeCache.Refresh (173ms)
				TypeCache.ScanAssembly (159ms)
			ScanForSourceGeneratedMonoScriptInfo (23ms)
			ResolveRequiredComponents (9ms)
	FinalizeReload (2425ms)
		ReleaseScriptCaches (0ms)
		RebuildScriptCaches (0ms)
		SetupLoadedEditorAssemblies (2280ms)
			LogAssemblyErrors (0ms)
			InitializePlatformSupportModulesInManaged (2ms)
			SetLoadedEditorAssemblies (2ms)
			RefreshPlugins (0ms)
			BeforeProcessingInitializeOnLoad (51ms)
			ProcessInitializeOnLoadAttributes (2131ms)
			ProcessInitializeOnLoadMethodAttributes (91ms)
			AfterProcessingInitializeOnLoad (1ms)
			EditorAssembliesLoaded (0ms)
		ExecutionOrderSort2 (0ms)
		AwakeInstancesAfterBackupRestoration (5ms)
Asset Pipeline Refresh (id=0b240c32319480d4ba50a98c3a034d22): Total: 5.391 seconds - Initiated by InitialRefreshV2(ForceSynchronousImport)
	Summary:
		Imports: total=0 (actual=0, local cache=0, cache server=0)
		Asset DB Process Time: managed=0 ms, native=1616 ms
		Asset DB Callback time: managed=14 ms, native=0 ms
		Scripting: domain reloads=1, domain reload time=3059 ms, compile time=662 ms, other=37 ms
		Project Asset Count: scripts=8415, non-scripts=2285
		Asset File Changes: new=0, changed=0, moved=0, deleted=0
		Scan Filter Count: 0
	InvokeBeforeRefreshCallbacks: 0.487ms
	ApplyChangesToAssetFolders: 0.101ms
	Scan: 242.544ms
	OnSourceAssetsModified: 0.001ms
	GetAllGuidsForCategorization: 1.201ms
	CategorizeAssets: 160.947ms
	ImportOutOfDateAssets: 2495.124ms (1800.788ms without children)
		CompileScripts: 661.739ms
		ReloadNativeAssets: 0.051ms
		UnloadImportedAssets: 28.315ms
		EnsureUptoDateAssetsAreRegisteredWithGuidPM: 2.566ms
		InitializingProgressBar: 0.001ms
		OnDemandSchedulerStart: 1.665ms
	PostProcessAllAssets: 14.687ms
	GatherAllCurrentPrimaryArtifactRevisions: 0.001ms
	UnloadStreamsBegin: 0.334ms
	PersistCurrentRevisions: 0.328ms
	UnloadStreamsEnd: 0.061ms
	GenerateScriptTypeHashes: 4.505ms
	Untracked: 2475.183ms
Application.AssetDatabase Initial Refresh End
Launched and connected shader compiler UnityShaderCompiler.exe after 0.04 seconds
Scanning for USB devices : 1.536ms
Initializing Unity extensions:
[Licensing::Client] Successfully resolved entitlement details
[MODES] ModeService[none].Initialize
[MODES] ModeService[none].LoadModes
[MODES] Loading mode Default (0) for mode-current-id-VR
[PhysX] Initialized MultithreadedTaskDispatcher with 20 workers.
ProgressiveSceneManager::Cancel()
Curl error 35: Cert verify failed. Certificate could not be verified (either omitted or unsupported). UnityTls error code: 7
Curl error 35: Cert verify failed. Certificate could not be verified (either omitted or unsupported). UnityTls error code: 7
Unloading 74 Unused Serialized files (Serialized files now loaded: 0)
Unloading 224 unused Assets / (6.7 MB). Loaded Objects now: 7430.
Memory consumption went from 189.3 MB to 182.7 MB.
Total: 6.780500 ms (FindLiveObjects: 0.341800 ms CreateObjectMapping: 0.221900 ms MarkObjects: 4.253400 ms  DeleteObjects: 1.962400 ms)

[PhysX] Initialized MultithreadedTaskDispatcher with 20 workers.
Unloading 6 Unused Serialized files (Serialized files now loaded: 0)
Unloading 6 unused Assets / (16.3 KB). Loaded Objects now: 7430.
Memory consumption went from 164.3 MB to 164.3 MB.
Total: 4.196100 ms (FindLiveObjects: 0.278600 ms CreateObjectMapping: 0.165000 ms MarkObjects: 3.729300 ms  DeleteObjects: 0.022400 ms)

Start importing Assets/SimulatedShooting/Art/Materials/RangeWeaponCrate.mat using Guid(b08734ffc6e3dd84eb0cc02ad87cf876) Importer(-1,00000000000000000000000000000000) [PhysX] Initialized MultithreadedTaskDispatcher with 20 workers.
 -> (artifact id: 'b476a45a4277d50cb147afe971e764c4') in 0.014800 seconds
Start importing Assets/SimulatedShooting/Art/Materials/TargetDark.mat using Guid(41fbb3c10430ef24387cd2a5bb2a0a93) Importer(-1,00000000000000000000000000000000) [PhysX] Initialized MultithreadedTaskDispatcher with 20 workers.
 -> (artifact id: 'bd5dc45be726b0a2e4097be41970347a') in 0.001691 seconds
Start importing Assets/SimulatedShooting/Art/Materials/RangeDarkMetal.mat using Guid(a1b89bc92edf39746b6b48d0f3187d75) Importer(-1,00000000000000000000000000000000) [PhysX] Initialized MultithreadedTaskDispatcher with 20 workers.
 -> (artifact id: '834168fb4f5f225e1af7f5e3da00a661') in 0.001397 seconds
Start importing Assets/SimulatedShooting/Art/Materials/RangeEarth.mat using Guid(a207bf3f213e8a24081ca97f5b309775) Importer(-1,00000000000000000000000000000000) [PhysX] Initialized MultithreadedTaskDispatcher with 20 workers.
 -> (artifact id: '324c3a5b12bec377b2b0810041c8d99e') in 0.001331 seconds
Start importing Assets/SimulatedShooting/Art/Materials/TargetImpactMarker.mat using Guid(239cefa450dfecf4f83dce82a5dc7f43) Importer(-1,00000000000000000000000000000000) [PhysX] Initialized MultithreadedTaskDispatcher with 20 workers.
 -> (artifact id: 'c461eeb19aa70037612ad3285911ae39') in 0.001312 seconds
Start importing Assets/SimulatedShooting/Art/Materials/TargetTenRing.mat using Guid(d4e670674761acc4fbb7404fc5c9faca) Importer(-1,00000000000000000000000000000000) [PhysX] Initialized MultithreadedTaskDispatcher with 20 workers.
 -> (artifact id: 'c81579d1511978868052ebefacbe3dd2') in 0.001352 seconds
Start importing Assets/SimulatedShooting/Art/Materials/RangeSkybox.mat using Guid(45be7d2eeed379c43b76a3e25177c37b) Importer(-1,00000000000000000000000000000000) [PhysX] Initialized MultithreadedTaskDispatcher with 20 workers.
 -> (artifact id: 'd1dc7aed074923c304103dbc6bfe3fae') in 0.001435 seconds
Start importing Assets/SimulatedShooting/Art/Materials/RangeSandbag.mat using Guid(a6767ef5dfce3d4478fdc344b54d4f8e) Importer(-1,00000000000000000000000000000000) [PhysX] Initialized MultithreadedTaskDispatcher with 20 workers.
 -> (artifact id: '7654d659c0c789c97fe905493cb0bd90') in 0.001442 seconds
Start importing Assets/SimulatedShooting/Art/Materials/RangeConcrete.mat using Guid(d6cf7b407c8d8284a82291fbe708e5b0) Importer(-1,00000000000000000000000000000000) [PhysX] Initialized MultithreadedTaskDispatcher with 20 workers.
 -> (artifact id: '6b772931077695237d48b13ce1001173') in 0.001773 seconds
Start importing Assets/SimulatedShooting/Art/Materials/RangeLine.mat using Guid(176f3662c624a3f4282f53a732f2a0c8) Importer(-1,00000000000000000000000000000000) [PhysX] Initialized MultithreadedTaskDispatcher with 20 workers.
 -> (artifact id: 'a0763a9b695b0dc79fb18589e02bee58') in 0.001639 seconds
Start importing Assets/SimulatedShooting/Art/Materials/RangeMarker.mat using Guid(57fad3f230a016f45ad9ff2641cbe189) Importer(-1,00000000000000000000000000000000) [PhysX] Initialized MultithreadedTaskDispatcher with 20 workers.
 -> (artifact id: '5a4c6e4633d70532914569468da32128') in 0.001569 seconds
Start importing Assets/SimulatedShooting/Art/Materials/RangeGround.mat using Guid(79102a5c96c5efb4d9616abaf335f53d) Importer(-1,00000000000000000000000000000000) [PhysX] Initialized MultithreadedTaskDispatcher with 20 workers.
 -> (artifact id: 'bfeaa7c9a39ff6a6171b9d040db99ddd') in 0.001749 seconds
Start importing Assets/SimulatedShooting/Art/Materials/TargetBoard.mat using Guid(aab020b83d448a14192266aef5d5d79d) Importer(-1,00000000000000000000000000000000) [PhysX] Initialized MultithreadedTaskDispatcher with 20 workers.
 -> (artifact id: 'ae5cdbace1c2f891374161a0532e7715') in 0.001494 seconds
Start importing Assets/SimulatedShooting/Art/Materials/RangeFoliage.mat using Guid(8bfd9d382ce7ea244bc8a65df7db7102) Importer(-1,00000000000000000000000000000000) [PhysX] Initialized MultithreadedTaskDispatcher with 20 workers.
 -> (artifact id: '2db718f65800205cfc2697b2a6ae81cd') in 0.001324 seconds
Refreshing native plugins compatible for Editor in 10.42 ms, found 13 plugins.
Preloading 1 native plugins for Editor in 0.06 ms.
Asset Pipeline Refresh (id=5b14c30767ded8b449335a4184153e32): Total: 0.160 seconds - Initiated by StopAssetImportingV2(NoUpdateAssetOptions)
Start importing Assets/Scenes/ZeroingRangeScene.unity using Guid(693fcff55b1a9e14ca485ca7b1e9ca68) Importer(-1,00000000000000000000000000000000) [PhysX] Initialized MultithreadedTaskDispatcher with 20 workers.
 -> (artifact id: '84c76a56ab026f380e05f3072020a76b') in 0.001084 seconds
Refreshing native plugins compatible for Editor in 9.33 ms, found 13 plugins.
Preloading 1 native plugins for Editor in 0.05 ms.
Asset Pipeline Refresh (id=874eae8b782e89548a461495569c6335): Total: 0.042 seconds - Initiated by StopAssetImportingV2(NoUpdateAssetOptions)
LightingSettings: switching bake backend from 1 to 2.
Batchmode quit successfully invoked - shutting down!
[PhysX] Initialized MultithreadedTaskDispatcher with 20 workers.
Input System module state changed to: ShutdownInProgress.
Input System polling thread exited.
Input System module state changed to: Shutdown.
[Licensing::IpcConnector] LicenseClient-Lenovo-notifications channel disconnected successfully.
[Licensing::IpcConnector] LicenseClient-Lenovo channel disconnected successfully.
Cleanup mono
abort_threads: Failed aborting id: 0000000000004570, mono_thread_manage will ignore it

abort_threads: Failed aborting id: 0000000000006454, mono_thread_manage will ignore it

abort_threads: Failed aborting id: 0000000000004570, mono_thread_manage will ignore it

abort_threads: Failed aborting id: 0000000000006454, mono_thread_manage will ignore it

debugger-agent: Unable to listen on 5568
[Performance] WinEditorMain                                                                                                                                :        1 samples, Peak.  5.59 s (1.0x), Avg.  5.59 s, Total. 5.589 s (38.0%)
[Performance] WinEditorMain.ConfigureCrashHandler                                                                                                          :        1 samples, Peak.  18.5 us (1.0x), Avg.  18.5 us, Total. 18.50 us (0.0%)
[Performance] WinEditorMain.CurlRequestInitialize                                                                                                          :        1 samples, Peak.   567 us (1.0x), Avg.   567 us, Total. 566.9 us (0.0%)
[Performance] WinEditorMain.SetupLogFile                                                                                                                   :        1 samples, Peak.   268 us (1.0x), Avg.   268 us, Total. 268.0 us (0.0%)
[Performance] WinEditorMain.RunNativeTestsIfRequiredAndExit                                                                                                :        1 samples, Peak.   200 ns (1.0x), Avg.   200 ns, Total. 200.0 ns (0.0%)
[Performance] WinEditorMain.Licensing                                                                                                                      :        1 samples, Peak.  5.57 s (1.0x), Avg.  5.57 s, Total. 5.573 s (37.9%)
[Performance] WinEditorMain.InitializeCrashHandler                                                                                                         :        1 samples, Peak.  12.4 ms (1.0x), Avg.  12.4 ms, Total. 12.41 ms (0.1%)
[Performance] WinEditorMain.CreateApplication                                                                                                              :        1 samples, Peak.   279 us (1.0x), Avg.   279 us, Total. 278.7 us (0.0%)
[Performance] Application.InitializeProject                                                                                                                :        1 samples, Peak.  7.80 s (1.0x), Avg.  7.80 s, Total. 7.805 s (53.1%)
[Performance] Application.PackageManager.StartServer                                                                                                       :        1 samples, Peak.  6.06 ms (1.0x), Avg.  6.06 ms, Total. 6.059 ms (0.0%)
[Performance] Application.AcquireProjectLock                                                                                                               :        1 samples, Peak.  4.54 ms (1.0x), Avg.  4.54 ms, Total. 4.539 ms (0.0%)
[Performance] Application.InitializeEngineNoGraphics                                                                                                       :        1 samples, Peak.  49.3 ms (1.0x), Avg.  49.3 ms, Total. 49.34 ms (0.3%)
[Performance] Application.PackageManager.Initialize                                                                                                        :        1 samples, Peak.   301 ms (1.0x), Avg.   301 ms, Total. 300.7 ms (2.0%)
[Performance] Connecting to Package Manager                                                                                                                :       31 samples, Peak.   233 us (27.5x), Avg.  8.46 us, Total. 262.4 us (0.0%)
[Performance] Application.EngineGraphics.Initialize                                                                                                        :        1 samples, Peak.   217 ms (1.0x), Avg.   217 ms, Total. 216.7 ms (1.5%)
[Performance] Application.GI.Initialize                                                                                                                    :        1 samples, Peak.  4.61 ms (1.0x), Avg.  4.61 ms, Total. 4.614 ms (0.0%)
[Performance] Application.LoadAllDefaultResourcesFromEditor                                                                                                :        1 samples, Peak.  2.10 ms (1.0x), Avg.  2.10 ms, Total. 2.103 ms (0.0%)
[Performance] Application.LoadMonoAssemblies                                                                                                               :        1 samples, Peak.   487 ms (1.0x), Avg.   487 ms, Total. 486.6 ms (3.3%)
[Performance] RestoreManagedReferences                                                                                                                     :        2 samples, Peak.  44.2 ms (2.0x), Avg.  22.1 ms, Total. 44.21 ms (0.3%)
[Performance] InitializeOnLoad DrivenRectTransformUndo                                                                                                     :        2 samples, Peak.   403 us (1.1x), Avg.   358 us, Total. 715.6 us (0.0%)
[Performance] InitializeOnLoad SceneSearch                                                                                                                 :        2 samples, Peak.   110 us (1.1x), Avg.   101 us, Total. 201.9 us (0.0%)
[Performance] InitializeOnLoad CloudBuild                                                                                                                  :        2 samples, Peak.  3.50 us (1.1x), Avg.  3.10 us, Total. 6.200 us (0.0%)
[Performance] InitializeOnLoad NativeFormatImporterUtility                                                                                                 :        2 samples, Peak.  2.22 ms (1.2x), Avg.  1.80 ms, Total. 3.599 ms (0.0%)
[Performance] InitializeOnLoad SearchService                                                                                                               :        2 samples, Peak.  93.5 us (1.1x), Avg.  88.7 us, Total. 177.4 us (0.0%)
[Performance] InitializeOnLoad SettingsService                                                                                                             :        2 samples, Peak.  7.60 us (1.2x), Avg.  6.55 us, Total. 13.10 us (0.0%)
[Performance] InitializeOnLoad WindowLayout                                                                                                                :        2 samples, Peak.   749 us (1.2x), Avg.   616 us, Total. 1.232 ms (0.0%)
[Performance] InitializeOnLoad AssetStoreContext                                                                                                           :        2 samples, Peak.  21.3 ms (1.1x), Avg.  18.8 ms, Total. 37.68 ms (0.3%)
[Performance] InitializeOnLoad PoolManager                                                                                                                 :        2 samples, Peak.   480 us (1.1x), Avg.   435 us, Total. 870.3 us (0.0%)
[Performance] InitializeOnLoad MixerEffectDefinitionReloader                                                                                               :        2 samples, Peak.  2.00 ms (1.3x), Avg.  1.58 ms, Total. 3.167 ms (0.0%)
[Performance] InitializeOnLoad ProjectSearch                                                                                                               :        2 samples, Peak.  49.6 us (1.1x), Avg.  45.2 us, Total. 90.40 us (0.0%)
[Performance] InitializeOnLoad UISystemProfilerRenderService                                                                                               :        2 samples, Peak.  6.30 us (1.0x), Avg.  6.30 us, Total. 12.60 us (0.0%)
[Performance] InitializeOnLoad EditMode                                                                                                                    :        2 samples, Peak.   292 us (1.1x), Avg.   265 us, Total. 530.4 us (0.0%)
[Performance] InitializeOnLoad UnityConnect                                                                                                                :        2 samples, Peak.  34.4 us (1.1x), Avg.  32.1 us, Total. 64.20 us (0.0%)
[Performance] InitializeOnLoad ManagedDebugger                                                                                                             :        2 samples, Peak.   430 us (1.7x), Avg.   252 us, Total. 504.4 us (0.0%)
[Performance] InitializeOnLoad ShortcutIntegration                                                                                                         :        2 samples, Peak.  44.1 us (1.1x), Avg.  38.4 us, Total. 76.70 us (0.0%)
[Performance] InitializeOnLoad AddComponentWindow                                                                                                          :        2 samples, Peak.  71.3 us (1.0x), Avg.  69.9 us, Total. 139.8 us (0.0%)
[Performance] InitializeOnLoad ManagedDebuggerWindow                                                                                                       :        2 samples, Peak.  81.7 us (1.0x), Avg.  81.0 us, Total. 161.9 us (0.0%)
[Performance] InitializeOnLoad CacheServerWindow                                                                                                           :        2 samples, Peak.  6.90 us (1.2x), Avg.  5.60 us, Total. 11.20 us (0.0%)
[Performance] InitializeOnLoad PlayModeDownload                                                                                                            :        2 samples, Peak.  5.00 ms (1.9x), Avg.  2.57 ms, Total. 5.140 ms (0.0%)
[Performance] InitializeOnLoad MenuItems                                                                                                                   :        2 samples, Peak.  74.8 us (1.2x), Avg.  63.6 us, Total. 127.2 us (0.0%)
[Performance] InitializeOnLoad PrefabInstanceChangedListener                                                                                               :        2 samples, Peak.  97.9 us (1.0x), Avg.  95.5 us, Total. 191.0 us (0.0%)
[Performance] InitializeOnLoad ObjectSelectorSearch                                                                                                        :        2 samples, Peak.  62.4 us (1.4x), Avg.  43.1 us, Total. 86.20 us (0.0%)
[Performance] InitializeOnLoad EditorMonitor                                                                                                               :        2 samples, Peak.   518 us (1.2x), Avg.   426 us, Total. 852.3 us (0.0%)
[Performance] InitializeOnLoad RetainedMode                                                                                                                :        2 samples, Peak.  1.88 ms (1.1x), Avg.  1.76 ms, Total. 3.512 ms (0.0%)
[Performance] InitializeOnLoad EditorShaderLoader                                                                                                          :        2 samples, Peak.   732 us (1.2x), Avg.   587 us, Total. 1.173 ms (0.0%)
[Performance] InitializeOnLoad EditorDelegateRegistration                                                                                                  :        2 samples, Peak.   372 us (1.1x), Avg.   324 us, Total. 648.3 us (0.0%)
[Performance] InitializeOnLoad UIDocumentHierarchyWatcher                                                                                                  :        2 samples, Peak.  57.2 us (1.1x), Avg.  50.9 us, Total. 101.8 us (0.0%)
[Performance] InitializeOnLoad LiveReloadTrackerCreator                                                                                                    :        2 samples, Peak.   129 us (1.1x), Avg.   120 us, Total. 239.3 us (0.0%)
[Performance] InitializeOnLoad UxmlObjectEditorFactories                                                                                                   :        2 samples, Peak.   383 us (1.1x), Avg.   347 us, Total. 694.0 us (0.0%)
[Performance] InitializeOnLoad UXMLEditorFactories                                                                                                         :        2 samples, Peak.  48.6 ms (1.1x), Avg.  44.0 ms, Total. 87.97 ms (0.6%)
[Performance] InitializeOnLoad PurchasingService                                                                                                           :        2 samples, Peak.  7.35 ms (1.2x), Avg.  6.17 ms, Total. 12.34 ms (0.1%)
[Performance] InitializeOnLoad CloudBuildPoller                                                                                                            :        2 samples, Peak.   101 us (1.1x), Avg.  89.0 us, Total. 178.1 us (0.0%)
[Performance] InitializeOnLoad EditorGameServicesAnalytics                                                                                                 :        2 samples, Peak.  2.43 ms (1.8x), Avg.  1.35 ms, Total. 2.710 ms (0.0%)
[Performance] InitializeOnLoad AnalyticsService                                                                                                            :        2 samples, Peak.   185 us (1.2x), Avg.   151 us, Total. 302.3 us (0.0%)
[Performance] InitializeOnLoad BuildService                                                                                                                :        2 samples, Peak.   119 us (1.1x), Avg.   105 us, Total. 210.1 us (0.0%)
[Performance] InitializeOnLoad AdsService                                                                                                                  :        2 samples, Peak.   360 us (1.1x), Avg.   320 us, Total. 639.0 us (0.0%)
[Performance] InitializeOnLoad UDPService                                                                                                                  :        2 samples, Peak.   123 us (1.1x), Avg.   110 us, Total. 219.9 us (0.0%)
[Performance] InitializeOnLoad CrashService                                                                                                                :        2 samples, Peak.   103 us (1.1x), Avg.  93.1 us, Total. 186.2 us (0.0%)
[Performance] InitializeOnLoad ServicesRepository                                                                                                          :        2 samples, Peak.   400 ns (1.3x), Avg.   300 ns, Total. 600.0 ns (0.0%)
[Performance] InitializeOnLoad SearchWindow                                                                                                                :        2 samples, Peak.  98.0 us (1.0x), Avg.  94.1 us, Total. 188.1 us (0.0%)
[Performance] InitializeOnLoad CustomIndexers                                                                                                              :        2 samples, Peak.  16.8 ms (1.2x), Avg.  13.6 ms, Total. 27.10 ms (0.2%)
[Performance] InitializeOnLoad SearchMonitor                                                                                                               :        2 samples, Peak.   834 us (1.1x), Avg.   777 us, Total. 1.554 ms (0.0%)
[Performance] InitializeOnLoad ParameterControllerEditor                                                                                                   :        2 samples, Peak.  19.0 us (1.1x), Avg.  17.3 us, Total. 34.70 us (0.0%)
[Performance] InitializeOnLoad LayerSettingsWindow                                                                                                         :        2 samples, Peak.  25.8 us (1.8x), Avg.  14.5 us, Total. 29.10 us (0.0%)
[Performance] InitializeOnLoad PackageManagerHookGUIDConverter.RegisterPackagesEventHandler                                                                :        2 samples, Peak.   696 us (1.9x), Avg.   371 us, Total. 741.5 us (0.0%)
[Performance] InitializeOnLoad EditorDragAndDrop.RegisterEditorClient                                                                                      :        2 samples, Peak.   189 us (1.1x), Avg.   172 us, Total. 344.3 us (0.0%)
[Performance] InitializeOnLoad EditorEventCallbacks.InitializeFontAssetResourceChangeCallBacks                                                             :        2 samples, Peak.  1.07 ms (1.2x), Avg.   901 us, Total. 1.802 ms (0.0%)
[Performance] InitializeOnLoad SceneTemplateService.Init                                                                                                   :        2 samples, Peak.   926 us (1.1x), Avg.   832 us, Total. 1.663 ms (0.0%)
[Performance] InitializeOnLoad DiagnosticSwitchesConsoleMessage.Init                                                                                       :        2 samples, Peak.  7.42 ms (1.8x), Avg.  4.06 ms, Total. 8.116 ms (0.1%)
[Performance] InitializeOnLoad MemoryProfilerCompilationGuard.InjectCompileGuard                                                                           :        2 samples, Peak.   209 us (1.6x), Avg.   132 us, Total. 263.9 us (0.0%)
[Performance] InitializeOnLoad EditorWindow.Initialize                                                                                                     :        2 samples, Peak.   195 us (1.0x), Avg.   189 us, Total. 377.9 us (0.0%)
[Performance] InitializeOnLoad AssetPostprocessingInternal.RefreshCustomDependencies                                                                       :        2 samples, Peak.  2.69 ms (1.4x), Avg.  1.87 ms, Total. 3.739 ms (0.0%)
[Performance] InitializeOnLoad SysrootManager.Initialize                                                                                                   :        2 samples, Peak.   431 us (1.0x), Avg.   412 us, Total. 823.8 us (0.0%)
[Performance] InitializeOnLoad PackageManagerWindow.EditorInitializedInSafeMode                                                                            :        2 samples, Peak.  23.1 ms (2.0x), Avg.  11.6 ms, Total. 23.19 ms (0.2%)
[Performance] InitializeOnLoad ToolShortcutContext.Init                                                                                                    :        2 samples, Peak.   124 us (1.2x), Avg.   107 us, Total. 214.9 us (0.0%)
[Performance] InitializeOnLoad SceneVisibilityManager.Initialize                                                                                           :        2 samples, Peak.  4.39 ms (1.8x), Avg.  2.51 ms, Total. 5.018 ms (0.0%)
[Performance] InitializeOnLoad ScopedRegistryAddedPopup.SubscribeToRegistriesAdded                                                                         :        2 samples, Peak.  5.26 ms (2.0x), Avg.  2.68 ms, Total. 5.351 ms (0.0%)
[Performance] AssemblyReloadEvents.afterAssemblyReload: UnityEditor.SceneTemplate.SceneTemplateService.AfterAssemblyReload                                 :        2 samples, Peak.  3.87 ms (1.9x), Avg.  2.05 ms, Total. 4.108 ms (0.0%)
[Performance] ProcessService.EditorAfterLoadAllAssemblies                                                                                                  :        2 samples, Peak.   379 us (1.3x), Avg.   301 us, Total. 601.1 us (0.0%)
[Performance] Application.ReadLicenseInfo                                                                                                                  :        1 samples, Peak.  14.0 ms (1.0x), Avg.  14.0 ms, Total. 14.03 ms (0.1%)
[Performance] Application.InitialRefresh                                                                                                                   :        1 samples, Peak.  5.39 s (1.0x), Avg.  5.39 s, Total. 5.394 s (36.7%)
[Performance] Compiling Scripts                                                                                                                            :        1 samples, Peak.   660 ms (1.0x), Avg.   660 ms, Total. 659.8 ms (4.5%)
[Performance] AssemblyReloadEvents.beforeAssemblyReload: UnityEditor.SceneTemplate.SceneTemplateService.BeforeAssemblyReload                               :        1 samples, Peak.   367 us (1.0x), Avg.   367 us, Total. 367.3 us (0.0%)
[Performance] InitializeOnLoad TouchSimulation                                                                                                             :        1 samples, Peak.   169 us (1.0x), Avg.   169 us, Total. 168.6 us (0.0%)
[Performance] InitializeOnLoad InputSystem                                                                                                                 :        1 samples, Peak.  37.9 ms (1.0x), Avg.  37.9 ms, Total. 37.86 ms (0.3%)
[Performance] InitializeOnLoad EnableUITKEditor                                                                                                            :        1 samples, Peak.  22.3 us (1.0x), Avg.  22.3 us, Total. 22.30 us (0.0%)
[Performance] InitializeOnLoad InputSystemUIInputModuleEditor                                                                                              :        1 samples, Peak.  84.9 us (1.0x), Avg.  84.9 us, Total. 84.90 us (0.0%)
[Performance] InitializeOnLoad BurstLoader                                                                                                                 :        1 samples, Peak.  1.53 s (1.0x), Avg.  1.53 s, Total. 1.527 s (10.4%)
[Performance] InitializeOnLoad ShadowCasterGroup2DManager                                                                                                  :        1 samples, Peak.  83.1 us (1.0x), Avg.  83.1 us, Total. 83.10 us (0.0%)
[Performance] InitializeOnLoad ScriptableSettingsInitializer                                                                                               :        1 samples, Peak.   194 us (1.0x), Avg.   194 us, Total. 194.4 us (0.0%)
[Performance] InitializeOnLoad BuildValidator                                                                                                              :        1 samples, Peak.   629 us (1.0x), Avg.   629 us, Total. 629.3 us (0.0%)
[Performance] InitializeOnLoad XRGeneralSettingsPerBuildTarget                                                                                             :        1 samples, Peak.   358 us (1.0x), Avg.   358 us, Total. 357.6 us (0.0%)
[Performance] InitializeOnLoad XRPackageMetadataStore                                                                                                      :        1 samples, Peak.   345 us (1.0x), Avg.   345 us, Total. 344.9 us (0.0%)
[Performance] InitializeOnLoad XRPackageInitializationBootstrap                                                                                            :        1 samples, Peak.  43.3 us (1.0x), Avg.  43.3 us, Total. 43.30 us (0.0%)
[Performance] InitializeOnLoad XRLegacyUninstaller                                                                                                         :        1 samples, Peak.  5.74 ms (1.0x), Avg.  5.74 ms, Total. 5.741 ms (0.0%)
[Performance] InitializeOnLoad SectorInteraction                                                                                                           :        1 samples, Peak.   395 us (1.0x), Avg.   395 us, Total. 395.5 us (0.0%)
[Performance] InitializeOnLoad QuaternionFallbackComposite                                                                                                 :        1 samples, Peak.  92.6 us (1.0x), Avg.  92.6 us, Total. 92.60 us (0.0%)
[Performance] InitializeOnLoad SimulatedInputLayoutLoader                                                                                                  :        1 samples, Peak.   159 us (1.0x), Avg.   159 us, Total. 158.8 us (0.0%)
[Performance] InitializeOnLoad Vector3FallbackComposite                                                                                                    :        1 samples, Peak.  52.4 us (1.0x), Avg.  52.4 us, Total. 52.40 us (0.0%)
[Performance] InitializeOnLoad IntegerFallbackComposite                                                                                                    :        1 samples, Peak.  36.6 us (1.0x), Avg.  36.6 us, Total. 36.60 us (0.0%)
[Performance] InitializeOnLoad ButtonFallbackComposite                                                                                                     :        1 samples, Peak.  35.8 us (1.0x), Avg.  35.8 us, Total. 35.80 us (0.0%)
[Performance] InitializeOnLoad BuildHelperUtils                                                                                                            :        1 samples, Peak.  7.40 us (1.0x), Avg.  7.40 us, Total. 7.400 us (0.0%)
[Performance] InitializeOnLoad BackgroundWatcher                                                                                                           :        1 samples, Peak.   106 us (1.0x), Avg.   106 us, Total. 106.5 us (0.0%)
[Performance] InitializeOnLoad UnityTestProtocolStarter                                                                                                    :        1 samples, Peak.   128 us (1.0x), Avg.   128 us, Total. 128.0 us (0.0%)
[Performance] InitializeOnLoad TestStarter                                                                                                                 :        1 samples, Peak.   431 us (1.0x), Avg.   431 us, Total. 431.1 us (0.0%)
[Performance] InitializeOnLoad RerunCallbackInitializer                                                                                                    :        1 samples, Peak.  2.55 ms (1.0x), Avg.  2.55 ms, Total. 2.548 ms (0.0%)
[Performance] InitializeOnLoad RiderScriptEditor                                                                                                           :        1 samples, Peak.  7.84 ms (1.0x), Avg.  7.84 ms, Total. 7.839 ms (0.1%)
[Performance] InitializeOnLoad CallbackInitializer                                                                                                         :        1 samples, Peak.  1.13 ms (1.0x), Avg.  1.13 ms, Total. 1.133 ms (0.0%)
[Performance] InitializeOnLoad ProbeGIBaking                                                                                                               :        1 samples, Peak.  2.77 ms (1.0x), Avg.  2.77 ms, Total. 2.768 ms (0.0%)
[Performance] InitializeOnLoad FilterWindow                                                                                                                :        1 samples, Peak.  31.2 us (1.0x), Avg.  31.2 us, Total. 31.20 us (0.0%)
[Performance] InitializeOnLoad RealtimeProbeSubdivisionDebug                                                                                               :        1 samples, Peak.   800 us (1.0x), Avg.   800 us, Total. 799.6 us (0.0%)
[Performance] InitializeOnLoad XRIAnalytics                                                                                                                :        1 samples, Peak.   470 us (1.0x), Avg.   470 us, Total. 469.8 us (0.0%)
[Performance] InitializeOnLoad InputLayoutLoader                                                                                                           :        1 samples, Peak.   799 us (1.0x), Avg.   799 us, Total. 798.7 us (0.0%)
[Performance] InitializeOnLoad PlayModeHook                                                                                                                :        1 samples, Peak.   769 us (1.0x), Avg.   769 us, Total. 769.2 us (0.0%)
[Performance] InitializeOnLoad CoverageReporterStarter                                                                                                     :        1 samples, Peak.  3.72 ms (1.0x), Avg.  3.72 ms, Total. 3.716 ms (0.0%)
[Performance] InitializeOnLoad PackageEntryPoint                                                                                                           :        1 samples, Peak.   275 ms (1.0x), Avg.   275 ms, Total. 275.0 ms (1.9%)
[Performance] InitializeOnLoad UIElementsHelper                                                                                                            :        1 samples, Peak.   620 us (1.0x), Avg.   620 us, Total. 619.7 us (0.0%)
[Performance] InitializeOnLoad GenesisHelper                                                                                                               :        1 samples, Peak.   288 us (1.0x), Avg.   288 us, Total. 288.1 us (0.0%)
[Performance] InitializeOnLoad UserStartupCode                                                                                                             :        1 samples, Peak.   907 us (1.0x), Avg.   907 us, Total. 907.4 us (0.0%)
[Performance] InitializeOnLoad VSCodeScriptEditor                                                                                                          :        1 samples, Peak.  3.30 ms (1.0x), Avg.  3.30 ms, Total. 3.297 ms (0.0%)
[Performance] InitializeOnLoad OculusEnterPlayModeSettingsCheck                                                                                            :        1 samples, Peak.   137 us (1.0x), Avg.   137 us, Total. 136.8 us (0.0%)
[Performance] InitializeOnLoad OculusProjectValidator                                                                                                      :        1 samples, Peak.  1.31 ms (1.0x), Avg.  1.31 ms, Total. 1.311 ms (0.0%)
[Performance] InitializeOnLoad NodeClassCache                                                                                                              :        1 samples, Peak.  5.10 us (1.0x), Avg.  5.10 us, Total. 5.100 us (0.0%)
[Performance] InitializeOnLoad ShaderGraphMaterialsUpdater                                                                                                 :        2 samples, Peak.   249 us (1.7x), Avg.   150 us, Total. 300.5 us (0.0%)
[Performance] InitializeOnLoad Renderer2DAnalytics                                                                                                         :        1 samples, Peak.  51.0 us (1.0x), Avg.  51.0 us, Total. 51.00 us (0.0%)
[Performance] InitializeOnLoad EditorToolManager                                                                                                           :        1 samples, Peak.  1.59 ms (1.0x), Avg.  1.59 ms, Total. 1.594 ms (0.0%)
[Performance] InitializeOnLoad VSUsageUtility                                                                                                              :        1 samples, Peak.  12.5 ms (1.0x), Avg.  12.5 ms, Total. 12.49 ms (0.1%)
[Performance] InitializeOnLoad VisualStudioEditor                                                                                                          :        1 samples, Peak.  4.77 ms (1.0x), Avg.  4.77 ms, Total. 4.768 ms (0.0%)
[Performance] InitializeOnLoad TestRunnerApiListener                                                                                                       :        1 samples, Peak.   709 us (1.0x), Avg.   709 us, Total. 709.1 us (0.0%)
[Performance] InitializeOnLoad VisualStudioIntegration                                                                                                     :        1 samples, Peak.  1.74 ms (1.0x), Avg.  1.74 ms, Total. 1.741 ms (0.0%)
[Performance] InitializeOnLoad PrefabLayoutRebuilder                                                                                                       :        1 samples, Peak.   282 us (1.0x), Avg.   282 us, Total. 281.7 us (0.0%)
[Performance] InitializeOnLoad UnityInternalsInjector                                                                                                      :        1 samples, Peak.   884 us (1.0x), Avg.   884 us, Total. 884.2 us (0.0%)
[Performance] InitializeOnLoad UVCSToolbarBoostrap                                                                                                         :        1 samples, Peak.  43.0 ms (1.0x), Avg.  43.0 ms, Total. 43.02 ms (0.3%)
[Performance] InitializeOnLoad RenderPipelineValidation                                                                                                    :        1 samples, Peak.   102 ms (1.0x), Avg.   102 ms, Total. 102.2 ms (0.7%)
[Performance] InitializeOnLoad OpenXRProjectValidationRulesSetup.OpenXRProjectValidationCheck                                                              :        1 samples, Peak.  14.4 ms (1.0x), Avg.  14.4 ms, Total. 14.40 ms (0.1%)
[Performance] InitializeOnLoad OpenXRFeatureSetManager.InitializeOnLoad                                                                                    :        1 samples, Peak.   203 us (1.0x), Avg.   203 us, Total. 203.2 us (0.0%)
[Performance] InitializeOnLoad OpenXRChooseRuntimeLibraries.InitializeOnLoad                                                                               :        1 samples, Peak.  1.67 ms (1.0x), Avg.  1.67 ms, Total. 1.665 ms (0.0%)
[Performance] InitializeOnLoad OculusLoader.EditorLoadOVRPlugin                                                                                            :        1 samples, Peak.  4.82 ms (1.0x), Avg.  4.82 ms, Total. 4.820 ms (0.0%)
[Performance] InitializeOnLoad InputSystemPluginControl.CheckForExtension                                                                                  :        1 samples, Peak.  1.19 ms (1.0x), Avg.  1.19 ms, Total. 1.190 ms (0.0%)
[Performance] InitializeOnLoad InputSystemPackageControl.SubscribePackageManagerEvent                                                                      :        1 samples, Peak.  56.7 us (1.0x), Avg.  56.7 us, Total. 56.70 us (0.0%)
[Performance] InitializeOnLoad VisualStudioEditor.LegacyVisualStudioCodePackageDisabler                                                                    :        1 samples, Peak.  1.13 ms (1.0x), Avg.  1.13 ms, Total. 1.125 ms (0.0%)
[Performance] InitializeOnLoad MaterialReimporter.RegisterUpgraderReimport                                                                                 :        2 samples, Peak.   154 us (1.6x), Avg.  95.7 us, Total. 191.4 us (0.0%)
[Performance] InitializeOnLoad StarterAssetsSampleProjectValidation.RegisterProjectValidationRules                                                         :        1 samples, Peak.  1.77 ms (1.0x), Avg.  1.77 ms, Total. 1.769 ms (0.0%)
[Performance] InitializeOnLoad $BurstDirectCallInitializer.Initialize                                                                                      :        1 samples, Peak.  26.9 ms (1.0x), Avg.  26.9 ms, Total. 26.87 ms (0.2%)
[Performance] InitializeOnLoad Localization.ForceEnableLocalization                                                                                        :        1 samples, Peak.   266 us (1.0x), Avg.   266 us, Total. 265.7 us (0.0%)
[Performance] InitializeOnLoad CoreUtilsAnalytics.RegisterEvents                                                                                           :        1 samples, Peak.   271 us (1.0x), Avg.   271 us, Total. 271.1 us (0.0%)
[Performance] InitializeOnLoad XRPluginManagementProjectValidation.RegisterProjectValidationRules                                                          :        1 samples, Peak.   733 us (1.0x), Avg.   733 us, Total. 732.8 us (0.0%)
[Performance] InitializeOnLoad OpenXRInput.RegisterFeatureLayouts                                                                                          :        1 samples, Peak.   940 us (1.0x), Avg.   940 us, Total. 940.2 us (0.0%)
[Performance] InitializeOnLoad TestJobDataHolder.ResumeRunningJobs                                                                                         :        1 samples, Peak.  1.06 ms (1.0x), Avg.  1.06 ms, Total. 1.056 ms (0.0%)
[Performance] InitializeOnLoad AnalyticsReporter.RegisterCallbacks                                                                                         :        1 samples, Peak.   252 us (1.0x), Avg.   252 us, Total. 252.0 us (0.0%)
[Performance] InitializeOnLoad DebugManagerWindowLifetimeAnalytic.SubscribeToDebugManagerOpenCloseWindows                                                  :        1 samples, Peak.   369 us (1.0x), Avg.   369 us, Total. 369.3 us (0.0%)
[Performance] InitializeOnLoad CoreRenderPipelinePreferences.InitPreferenceProviders                                                                       :        1 samples, Peak.  23.1 ms (1.0x), Avg.  23.1 ms, Total. 23.13 ms (0.2%)
[Performance] InitializeOnLoad VolumeGizmoDrawer.InitVolumeGizmoCallbacks                                                                                  :        1 samples, Peak.   317 us (1.0x), Avg.   317 us, Total. 317.4 us (0.0%)
[Performance] DidReloadScriptsAdvancedDropdownWindow.OnScriptReload                                                                                        :        2 samples, Peak.   215 us (1.1x), Avg.   202 us, Total. 403.2 us (0.0%)
[Performance] DidReloadScriptsTutorialPageEditor.OnScriptsReloaded                                                                                         :        1 samples, Peak.  2.00 ms (1.0x), Avg.  2.00 ms, Total. 1.999 ms (0.0%)
[Performance] DidReloadScriptsPackageVersionUtility.OnReloadScripts                                                                                        :        1 samples, Peak.  59.7 us (1.0x), Avg.  59.7 us, Total. 59.70 us (0.0%)
[Performance] DidReloadScriptsTestRunnerWindow.CompilationCallback                                                                                         :        1 samples, Peak.   112 us (1.0x), Avg.   112 us, Total. 111.6 us (0.0%)
[Performance] DidReloadScriptsTestListCache.ScriptReloaded                                                                                                 :        1 samples, Peak.  1.19 ms (1.0x), Avg.  1.19 ms, Total. 1.192 ms (0.0%)
[Performance] DidReloadScriptsLookDev.OnEditorReload                                                                                                       :        1 samples, Peak.   174 us (1.0x), Avg.   174 us, Total. 173.5 us (0.0%)
[Performance] DidReloadScriptsDebugWindow.OnEditorReload                                                                                                   :        1 samples, Peak.  8.52 ms (1.0x), Avg.  8.52 ms, Total. 8.519 ms (0.1%)
[Performance] DidReloadScriptsVolumeComponentEditor.OnEditorReload                                                                                         :        1 samples, Peak.  14.4 ms (1.0x), Avg.  14.4 ms, Total. 14.38 ms (0.1%)
[Performance] AssemblyReloadEvents.afterAssemblyReload: UnityEditor.XR.Management.Metadata.XRPackageMetadataStore.AssemblyReloadEvents_afterAssemblyReload :        1 samples, Peak.  2.69 ms (1.0x), Avg.  2.69 ms, Total. 2.691 ms (0.0%)
[Performance] UniversalRenderPipelineGlobalSettingsPostprocessor.OnPostprocessAllAssets                                                                    :        6 samples, Peak.  1.28 ms (3.1x), Avg.   409 us, Total. 2.456 ms (0.0%)
[Performance] InputActionAssetPostprocessor.OnPostprocessAllAssets                                                                                         :        6 samples, Peak.   429 us (2.5x), Avg.   172 us, Total. 1.033 ms (0.0%)
[Performance] InputActionJsonNameModifierAssetProcessor.OnPostprocessAllAssets                                                                             :        6 samples, Peak.   143 us (2.3x), Avg.  61.6 us, Total. 369.9 us (0.0%)
[Performance] ProjectSettingsPostprocessor.OnPostprocessAllAssets                                                                                          :        6 samples, Peak.   217 us (2.8x), Avg.  77.8 us, Total. 466.9 us (0.0%)
[Performance] SyncVS.PostprocessSyncProject                                                                                                                :        3 samples, Peak.  3.83 ms (2.7x), Avg.  1.39 ms, Total. 4.183 ms (0.0%)
[Performance] Application.ImportPackagesAndSetTemplateWhenCreatingProject                                                                                  :        1 samples, Peak.  11.0 ms (1.0x), Avg.  11.0 ms, Total. 11.03 ms (0.1%)
[Performance] Application.SyncCurrentColorSpace                                                                                                            :        1 samples, Peak.  81.7 ms (1.0x), Avg.  81.7 ms, Total. 81.75 ms (0.6%)
[Performance] Application.OnUsbDevicesChanged                                                                                                              :        1 samples, Peak.  1.60 ms (1.0x), Avg.  1.60 ms, Total. 1.603 ms (0.0%)
[Performance] Application.AssetInstanceCacheUpdate                                                                                                         :        1 samples, Peak.   300 ns (1.0x), Avg.   300 ns, Total. 300.0 ns (0.0%)
[Performance] Application.UnityExtensions.Initialize                                                                                                       :        1 samples, Peak.  5.24 ms (1.0x), Avg.  5.24 ms, Total. 5.238 ms (0.0%)
[Performance] CodeEditorProjectSync.SyncEditorProject                                                                                                      :        1 samples, Peak.   310 ms (1.0x), Avg.   310 ms, Total. 309.5 ms (2.1%)
[Performance] Application.ExecuteStartups                                                                                                                  :        1 samples, Peak.  52.8 ms (1.0x), Avg.  52.8 ms, Total. 52.78 ms (0.4%)
[Performance] Menu.RegisterMenuInterface                                                                                                                   :       26 samples, Peak.  2.00 us (8.0x), Avg.   250 ns, Total. 6.500 us (0.0%)
[Performance] Gizmo.RebuildRenderers                                                                                                                       :        1 samples, Peak.  49.7 ms (1.0x), Avg.  49.7 ms, Total. 49.70 ms (0.3%)
[Performance] Gizmo.AddGizmoRenderers                                                                                                                      :      123 samples, Peak.  1.45 ms (66.8x), Avg.  21.8 us, Total. 2.679 ms (0.0%)
[Performance] Application.editorInitializingProject                                                                                                        :        1 samples, Peak.   148 ms (1.0x), Avg.   148 ms, Total. 147.9 ms (1.0%)
[Performance] Application.InitializeMenu                                                                                                                   :        1 samples, Peak.  83.8 ms (1.0x), Avg.  83.8 ms, Total. 83.76 ms (0.6%)
[Performance] Menu.RebuildAll                                                                                                                              :        1 samples, Peak.  83.7 ms (1.0x), Avg.  83.7 ms, Total. 83.75 ms (0.6%)
[Performance] Menu.BuildRegisteredMenuInterfaces                                                                                                           :        1 samples, Peak.  81.5 ms (1.0x), Avg.  81.5 ms, Total. 81.46 ms (0.6%)
[Performance] Menu.FilterMenuItem                                                                                                                          :      854 samples, Peak.  58.6 ms (850.1x), Avg.  68.9 us, Total. 58.86 ms (0.4%)
[Performance] UpdateAllMenus                                                                                                                               :        1 samples, Peak.   425 us (1.0x), Avg.   425 us, Total. 425.4 us (0.0%)
[Performance] Menu.RebuildOSMainMenu                                                                                                                       :        1 samples, Peak.  1.69 ms (1.0x), Avg.  1.69 ms, Total. 1.694 ms (0.0%)
[Performance] EditorSceneManager.sceneClosing: UnityEditor.SceneVisibilityManager.EditorSceneManagerOnSceneClosing                                         :        2 samples, Peak.   211 us (2.0x), Avg.   108 us, Total. 215.1 us (0.0%)
[Performance] GUIView.RepaintAll.PlayerLoopController                                                                                                      :        2 samples, Peak.  1.10 us (1.2x), Avg.   950 ns, Total. 1.900 us (0.0%)
[Performance] EditorSceneManager.newSceneCreated: UnityEditor.SceneTemplate.SceneTemplateService.OnNewSceneCreated                                         :        2 samples, Peak.   232 us (2.0x), Avg.   117 us, Total. 233.1 us (0.0%)
[Performance] EditorSceneManager.newSceneCreated: UnityEditor.SceneVisibilityManager.EditorSceneManagerOnNewSceneCreated                                   :        2 samples, Peak.   173 us (1.9x), Avg.  92.8 us, Total. 185.5 us (0.0%)
[Performance] EditorSceneManager.newSceneCreated: UnityEditor.SceneManagement.StageNavigationManager.OnNewSceneCreated                                     :        2 samples, Peak.  44.3 us (2.0x), Avg.  22.6 us, Total. 45.20 us (0.0%)
[Performance] Application.InvokeFinishedLoadingProject                                                                                                     :        1 samples, Peak.  11.6 ms (1.0x), Avg.  11.6 ms, Total. 11.58 ms (0.1%)
[Performance] ProcessService.OnProjectLoaded                                                                                                               :        1 samples, Peak.  42.7 us (1.0x), Avg.  42.7 us, Total. 42.70 us (0.0%)
[Performance] VersionControl.Task.Wait                                                                                                                     :        1 samples, Peak.  7.00 us (1.0x), Avg.  7.00 us, Total. 7.000 us (0.0%)
[Performance] SceneDataContainer.TransformHierarchyChangedSetParentCallback                                                                                :      591 samples, Peak.  20.3 us (47.4x), Avg.   429 ns, Total. 253.3 us (0.0%)
[Performance] SceneVisibilityState.IsFlagSetInParents                                                                                                      :     1452 samples, Peak.  1.50 us (11.2x), Avg.   134 ns, Total. 195.2 us (0.0%)
[Performance] StateMacroSavedEvent.OnWillSaveAssets                                                                                                        :        3 samples, Peak.   292 us (2.9x), Avg.   101 us, Total. 303.9 us (0.0%)
[Performance] FlowMacroSavedEvent.OnWillSaveAssets                                                                                                         :        3 samples, Peak.   156 us (3.0x), Avg.  52.9 us, Total. 158.6 us (0.0%)
[Performance] UnityCloudProjectLinkMonitor.OnWillSaveAssets                                                                                                :        3 samples, Peak.   521 us (3.0x), Avg.   174 us, Total. 522.7 us (0.0%)
[Performance] UVCSAssetModificationProcessor.OnWillSaveAssets                                                                                              :        3 samples, Peak.   376 us (3.0x), Avg.   126 us, Total. 377.7 us (0.0%)
[Performance] BuilderAssetModificationProcessor.OnWillSaveAssets                                                                                           :        3 samples, Peak.   543 us (3.0x), Avg.   182 us, Total. 546.2 us (0.0%)
[Performance] TerrainModificationProcessor.OnWillSaveAssets                                                                                                :        3 samples, Peak.   674 us (3.0x), Avg.   225 us, Total. 675.7 us (0.0%)
[Performance] AssetDatabase.ImportAssets                                                                                                                   :        8 samples, Peak.   161 ms (8.0x), Avg.  20.1 ms, Total. 160.5 ms (1.1%)
[Performance] PresetManagerPostProcessor.OnPreprocessAsset                                                                                                 :       15 samples, Peak.   256 us (9.4x), Avg.  27.3 us, Total. 410.2 us (0.0%)
[Performance] CancelSplashScreenOnAssetChange.OnPreprocessAsset                                                                                            :       15 samples, Peak.   117 us (12.5x), Avg.  9.34 us, Total. 140.1 us (0.0%)
[Performance] ShaderGraphAssetPostProcessor.OnPreprocessAsset                                                                                              :       15 samples, Peak.   144 us (12.0x), Avg.  12.0 us, Total. 180.6 us (0.0%)
[Performance] TMPro_TexturePostProcessor.OnPostprocessAllAssets                                                                                            :        4 samples, Peak.   397 us (1.9x), Avg.   205 us, Total. 818.7 us (0.0%)
[Performance] UVCSAssetPostprocessor.OnPostprocessAllAssets                                                                                                :        4 samples, Peak.   431 us (2.0x), Avg.   216 us, Total. 865.2 us (0.0%)
[Performance] BuilderAssetPostprocessor.OnPostprocessAllAssets                                                                                             :        4 samples, Peak.  2.33 ms (2.0x), Avg.  1.17 ms, Total. 4.678 ms (0.0%)
[Performance] ArtifactBrowserPostProcessor.OnPostprocessAllAssets                                                                                          :        4 samples, Peak.   418 us (2.0x), Avg.   209 us, Total. 836.1 us (0.0%)
[Performance] AssetEvents.OnPostprocessAllAssets                                                                                                           :        8 samples, Peak.   208 us (3.2x), Avg.  64.7 us, Total. 518.0 us (0.0%)
[Performance] AudioMixerPostprocessor.OnPostprocessAllAssets                                                                                               :        4 samples, Peak.   266 us (2.0x), Avg.   133 us, Total. 533.8 us (0.0%)
[Performance] StyleCatalogPostProcessor.OnPostprocessAllAssets                                                                                             :        4 samples, Peak.  16.2 ms (2.0x), Avg.  8.10 ms, Total. 32.42 ms (0.2%)
[Performance] BuildCatalog                                                                                                                                 :        1 samples, Peak.  15.3 ms (1.0x), Avg.  15.3 ms, Total. 15.31 ms (0.1%)
[Performance] ModelImporterPostProcessor.OnPostprocessAllAssets                                                                                            :        4 samples, Peak.  6.64 ms (2.0x), Avg.  3.37 ms, Total. 13.50 ms (0.1%)
[Performance] MaterialPostprocessor.OnPostprocessAllAssets                                                                                                 :        8 samples, Peak.  1.47 ms (2.3x), Avg.   649 us, Total. 5.195 ms (0.0%)
[Performance] RetainedModeAssetPostprocessor.OnPostprocessAllAssets                                                                                        :        4 samples, Peak.  2.39 ms (2.0x), Avg.  1.20 ms, Total. 4.794 ms (0.0%)
[Performance] AssetChangedListener.OnPostprocessAllAssets                                                                                                  :        4 samples, Peak.  1.25 ms (2.0x), Avg.   629 us, Total. 2.514 ms (0.0%)
[Performance] PostProcessor.OnPostprocessAllAssets                                                                                                         :        4 samples, Peak.   239 us (2.0x), Avg.   122 us, Total. 487.2 us (0.0%)
[Performance] ShaderGraphAssetPostProcessor.OnPostprocessAllAssets                                                                                         :        4 samples, Peak.  1.60 ms (1.9x), Avg.   826 us, Total. 3.304 ms (0.0%)
[Performance] SpeedTreePostProcessor.OnPostprocessAllAssets                                                                                                :        4 samples, Peak.   191 us (2.0x), Avg.  97.4 us, Total. 389.6 us (0.0%)
[Performance] TextAssetPostProcessor.OnPostprocessAllAssets                                                                                                :        4 samples, Peak.   433 us (2.0x), Avg.   217 us, Total. 869.4 us (0.0%)
[Performance] AssetCallbacks.OnPostprocessAllAssets                                                                                                        :        4 samples, Peak.  34.5 ms (2.0x), Avg.  17.2 ms, Total. 68.98 ms (0.5%)
[Performance] EditorSceneManager.sceneSaving: UnityEditor.SceneTemplate.SceneTemplateService.OnSceneSaving                                                 :        1 samples, Peak.   218 us (1.0x), Avg.   218 us, Total. 217.9 us (0.0%)
[Performance] EditorSceneManager.sceneSaving: UnityEditor.SceneVisibilityManager.EditorSceneManagerOnSceneSaving                                           :        1 samples, Peak.  89.4 us (1.0x), Avg.  89.4 us, Total. 89.40 us (0.0%)
[Performance] MaterialModificationProcessor.OnWillCreateAsset                                                                                              :        2 samples, Peak.   180 us (1.1x), Avg.   157 us, Total. 314.9 us (0.0%)
[Performance] BuilderAssetModificationProcessor.OnWillCreateAsset                                                                                          :        1 samples, Peak.   192 us (1.0x), Avg.   192 us, Total. 191.6 us (0.0%)
[Performance] AssetDatabase.ImportAsset                                                                                                                    :        1 samples, Peak.  41.8 ms (1.0x), Avg.  41.8 ms, Total. 41.78 ms (0.3%)
[Performance] ShaderImporter.SourceAssetModified                                                                                                           :        1 samples, Peak.   300 ns (1.0x), Avg.   300 ns, Total. 300.0 ns (0.0%)
[Performance] ShaderIncludeImporter.SourceAssetModified                                                                                                    :        1 samples, Peak.   900 ns (1.0x), Avg.   900 ns, Total. 900.0 ns (0.0%)
[Performance] EditorSceneManager.sceneSaved: UnityEditor.SceneTemplate.SceneTemplateService.OnSceneSaved                                                   :        1 samples, Peak.   183 ms (1.0x), Avg.   183 ms, Total. 183.2 ms (1.2%)
[Performance] EditorSceneManager.sceneSaved: UnityEditor.SceneVisibilityManager.EditorSceneManagerOnSceneSaved                                             :        1 samples, Peak.  97.0 us (1.0x), Avg.  97.0 us, Total. 97.00 us (0.0%)
[Performance] EditorApplication.quitting: Unity.Burst.Editor.BurstLoader.OnEditorApplicationQuitting                                                       :        1 samples, Peak.  26.3 us (1.0x), Avg.  26.3 us, Total. 26.30 us (0.0%)
[Performance] EditorApplication.quitting: UnityEditor.SettingsManagement.FileSettingsRepository.Save                                                       :        2 samples, Peak.  1.08 ms (1.4x), Avg.   768 us, Total. 1.537 ms (0.0%)
[Performance] EditorApplication.quitting: callback in UnityEditor.TextCore.Text.EditorEventCallbacks                                                       :        1 samples, Peak.  11.9 ms (1.0x), Avg.  11.9 ms, Total. 11.94 ms (0.1%)
[Performance] Application.Shutdown.PauseProfilerSession                                                                                                    :        1 samples, Peak.  24.3 us (1.0x), Avg.  24.3 us, Total. 24.30 us (0.0%)
[Performance] Application.Shutdown.PauseAssetImportWorkers                                                                                                 :        1 samples, Peak.   166 us (1.0x), Avg.   166 us, Total. 165.8 us (0.0%)
[Performance] Application.Shutdown.SaveAssets                                                                                                              :        1 samples, Peak.  3.75 ms (1.0x), Avg.  3.75 ms, Total. 3.754 ms (0.0%)
[Performance] Application.Shutdown.CleanupRenderPipeline                                                                                                   :        1 samples, Peak.  5.60 us (1.0x), Avg.  5.60 us, Total. 5.600 us (0.0%)
[Performance] Application.Shutdown.StopPreloadManager                                                                                                      :        1 samples, Peak.  9.59 ms (1.0x), Avg.  9.59 ms, Total. 9.587 ms (0.1%)
[Performance] Application.Shutdown.DestroyWorld                                                                                                            :        1 samples, Peak.  3.94 ms (1.0x), Avg.  3.94 ms, Total. 3.945 ms (0.0%)
[Performance] Application.Shutdown.CleanupAfterLoad                                                                                                        :        1 samples, Peak.   155 ms (1.0x), Avg.   155 ms, Total. 154.7 ms (1.1%)
[Performance] Application.Shutdown.Progress                                                                                                                :        1 samples, Peak.  5.70 us (1.0x), Avg.  5.70 us, Total. 5.700 us (0.0%)
[Performance] Application.Shutdown.GICleanupManagers                                                                                                       :        1 samples, Peak.   821 us (1.0x), Avg.   821 us, Total. 820.7 us (0.0%)
[Performance] Application.Shutdown.MenuCleanupClass                                                                                                        :        1 samples, Peak.   159 us (1.0x), Avg.   159 us, Total. 159.3 us (0.0%)
[Performance] Application.Shutdown.ADBSaveStateBeforeShutdown                                                                                              :        1 samples, Peak.  7.60 us (1.0x), Avg.  7.60 us, Total. 7.600 us (0.0%)
[Performance] Application.Shutdown.RemoteShutdown                                                                                                          :        1 samples, Peak.  1000 ns (1.0x), Avg.  1000 ns, Total. 1000.0 ns (0.0%)
[Performance] Application.Shutdown.CleanupVCProvider                                                                                                       :        1 samples, Peak.  7.90 us (1.0x), Avg.  7.90 us, Total. 7.900 us (0.0%)
[Performance] Application.Shutdown.InputShutdown                                                                                                           :        1 samples, Peak.   500 ns (1.0x), Avg.   500 ns, Total. 500.0 ns (0.0%)
[Performance] Application.Shutdown.GizmoManagerDestroy                                                                                                     :        1 samples, Peak.   815 us (1.0x), Avg.   815 us, Total. 815.3 us (0.0%)
[Performance] Application.Shutdown.ProfilerSession                                                                                                         :        1 samples, Peak.   146 us (1.0x), Avg.   146 us, Total. 145.7 us (0.0%)
[Performance] Application.Shutdown.ReleaseGfxWindowOnAllGUIViews                                                                                           :        1 samples, Peak.   200 ns (1.0x), Avg.   200 ns, Total. 200.0 ns (0.0%)
[Performance] Application.Shutdown.CleanupEngine                                                                                                           :        1 samples, Peak.   132 ms (1.0x), Avg.   132 ms, Total. 131.7 ms (0.9%)
[Performance] Application.Shutdown.CleanupAssetDatabase                                                                                                    :        1 samples, Peak.  18.2 ms (1.0x), Avg.  18.2 ms, Total. 18.23 ms (0.1%)
[Performance] Application.Shutdown.ScriptCompilationCleanUp                                                                                                :        1 samples, Peak.  13.9 ms (1.0x), Avg.  13.9 ms, Total. 13.85 ms (0.1%)
[Performance] Application.Shutdown.DestroyJobSystem                                                                                                        :        1 samples, Peak.   125 us (1.0x), Avg.   125 us, Total. 125.3 us (0.0%)
[Performance] Application.Shutdown.CleanupPersistentManager                                                                                                :        1 samples, Peak.  1.68 ms (1.0x), Avg.  1.68 ms, Total. 1.682 ms (0.0%)
[Performance] Application.Shutdown.CleanupAsyncReadManager                                                                                                 :        1 samples, Peak.   277 us (1.0x), Avg.   277 us, Total. 277.1 us (0.0%)
[Performance] Application.Shutdown.CleanupProgressBar                                                                                                      :        1 samples, Peak.   200 ns (1.0x), Avg.   200 ns, Total. 200.0 ns (0.0%)
[Performance] Application.Shutdown.CleanupMono                                                                                                             :        1 samples, Peak.   124 ms (1.0x), Avg.   124 ms, Total. 124.3 ms (0.8%)
[Performance] Application.Shutdown.CleanupStdConverters                                                                                                    :        1 samples, Peak.  7.40 us (1.0x), Avg.  7.40 us, Total. 7.400 us (0.0%)
[Performance] Application.Shutdown.UnloadAllPlatformSupportModuleNativeDlls                                                                                :        1 samples, Peak.   400 ns (1.0x), Avg.   400 ns, Total. 400.0 ns (0.0%)
[Performance] Application.Shutdown.UnloadAllPlatformSupportNativeLibraries                                                                                 :        1 samples, Peak. 0.0 (-nan(ind)x), Avg. 0.0, Total. 0.0 (0.0%)
[Performance] Application.Shutdown.CleanupAutoDocumentation                                                                                                :        1 samples, Peak.   307 us (1.0x), Avg.   307 us, Total. 306.7 us (0.0%)
[Performance] Application.Shutdown.ShaderNameManagerDestroy                                                                                                :        1 samples, Peak.  52.4 us (1.0x), Avg.  52.4 us, Total. 52.40 us (0.0%)
[Performance] Application.Shutdown.CleanupCacheServer                                                                                                      :        1 samples, Peak. 100.0 ns (1.0x), Avg. 100.0 ns, Total. 100.00 ns (0.0%)
[Performance] Application.Shutdown.Virtualization_Shutdown                                                                                                 :        1 samples, Peak.   200 ns (1.0x), Avg.   200 ns, Total. 200.0 ns (0.0%)
[Performance] Application.Shutdown.DevConnections                                                                                                          :        1 samples, Peak.   129 us (1.0x), Avg.   129 us, Total. 129.3 us (0.0%)
Exiting batchmode successfully now!
Exiting without the bug reporter. Application will terminate with return code 0